[huemor.rocks/index.html]
[backblue.gif]
[fade.gif]
[index.html]
[huemor.rocks/wp-content/uploads/bb-plugin/icons/icon-1612645789/fonts/New-Envelope-Icon8471.eot]
[huemor.rocks/wp-content/cache/min/1/63310005078c8f662edbea653c4dff52.css]
[huemor.rocks/wp-content/uploads/2021/03/huemor-featured-img.jpg]
[huemor.rocks/feed/index.html]
[huemor.rocks/wp-includes/js/jquery/jquery.minaf6c.js]
[huemor.rocks/wp-json/wp/v2/pages/27046.json]
[huemor.rocks/wp-json/index.html]
[huemor.rocks/xmlrpc0db0.php]
[huemor.rocks/wp-includes/wlwmanifest.xml]
[huemor.rocks/wp-json/oembed/1.0/embed9d04.json]
[huemor.rocks/wp-json/oembed/1.0/embed6c29]
[huemor.rocks/wp-content/uploads/2021/04/Huemor-Symbol-350x350-1-36x36.png.webp]
[huemor.rocks/wp-content/uploads/2021/04/Huemor-Symbol-350x350-1.png.webp]
[huemor.rocks/wp-content/uploads/2020/07/ownj-default-img.png.webp]
[huemor.rocks/wp-content/uploads/2020/07/about-huemor-nav-thumbnail.jpg.webp]
[huemor.rocks/wp-content/uploads/2021/04/team-thumbnail-updated.jpg.webp]
[huemor.rocks/wp-content/uploads/2020/07/menu-min.jpg.webp]
[huemor.rocks/wp-content/uploads/2021/04/partners-menu-min.jpg.webp]
[huemor.rocks/wp-content/uploads/2021/04/careers-menu-2-min.jpg.webp]
[huemor.rocks/wp-content/uploads/2021/02/awards-menu-min.jpg.webp]
[huemor.rocks/agency/index.html]
[huemor.rocks/agency/team/index.html]
[huemor.rocks/wp-content/uploads/2020/07/retail-menu-thumbnail.jpg.webp]
[huemor.rocks/agency/partners/index.html]
[huemor.rocks/agency/careers/index.html]
[huemor.rocks/agency/clients/index.html]
[huemor.rocks/agency/news/index.html]
[huemor.rocks/wp-content/uploads/2020/07/b2b-corporate-menu-thumbnail.jpg.webp]
[huemor.rocks/wp-content/uploads/2020/07/beauty-thumbnail.jpg.webp]
[huemor.rocks/retail-ecommerce-websites/index.html]
[huemor.rocks/wp-content/uploads/2020/07/saas-navigation-image.jpg.webp]
[huemor.rocks/beauty-and-cosmetic-websites/index.html]
[huemor.rocks/wp-content/uploads/2020/07/nonprofit-menu-img.jpg.webp]
[huemor.rocks/b2b-corporate-websites/index.html]
[huemor.rocks/nonprofit-and-social-cause-websites/index.html]
[huemor.rocks/wp-content/uploads/2020/09/agency-nav-thumbnail.jpg]
[huemor.rocks/saas-and-technology-websites/index.html]
[huemor.rocks/wp-content/uploads/2020/07/all-services-thumbnail.jpg.webp]
[huemor.rocks/agency-consultancy-websites/index.html]
[huemor.rocks/wp-content/uploads/2021/03/build-menu-min.jpg.webp]
[huemor.rocks/services/index.html]
[huemor.rocks/wp-content/uploads/2021/02/grow-menu-min.jpg.webp]
[huemor.rocks/wp-content/uploads/2021/02/support-menu-min.jpg.webp]
[huemor.rocks/build/index.html]
[huemor.rocks/wp-content/uploads/2021/02/shopify-menu-min.jpg.webp]
[huemor.rocks/grow/index.html]
[huemor.rocks/support/index.html]
[huemor.rocks/wp-content/uploads/2021/02/wordpress-menu-min.jpg.webp]
[huemor.rocks/services/shopify-website-design/index.html]
[huemor.rocks/services/wordpress-websites/index.html]
[huemor.rocks/case-studies/index.html]
[huemor.rocks/project-calculator/index.html]
[huemor.rocks/roi-calculator/index.html]
[huemor.rocks/shopify-audit/index.html]
[huemor.rocks/contact/index.html]
[huemor.rocks/wp-content/uploads/2021/03/gleamin-thumbnail-2020_option3-1024x931.jpg.webp]
[huemor.rocks/wp-content/uploads/2021/04/featured-thumbnail-agamerica-1-1024x931.jpg.webp]
[huemor.rocks/wp-content/uploads/2021/03/featured_thumbnail-2-1024x931.png.webp]
[huemor.rocks/wp-content/uploads/2020/08/zoe-chicco-thumb.jpg.webp]
[huemor.rocks/wp-content/uploads/2021/04/aerotech-ft-thumbnail-1024x923.jpg.webp]
[huemor.rocks/wp-content/uploads/2020/07/centivo-thumb1.jpg.webp]
[huemor.rocks/wp-content/uploads/2021/03/featuredthumbnail_extensishr.jpg.webp]
[huemor.rocks/wp-content/uploads/2020/07/glow-analytics-thumbnail-scaled.jpg.webp]
[huemor.rocks/case-studies/gleamin/index.html]
[huemor.rocks/case-studies/ag-america/index.html]
[huemor.rocks/case-studies/extensishr/index.html]
[huemor.rocks/case-studies/aerotech/index.html]
[huemor.rocks/case-studies/zoe-chicco/index.html]
[huemor.rocks/case-studies/centivo/index.html]
[huemor.rocks/wp-content/uploads/2020/07/surepoint-testimonial-thumbnail.jpg.webp]
[huemor.rocks/wp-content/uploads/2020/07/centivo-testimonial-thumbnail.jpg.webp]
[huemor.rocks/wp-content/uploads/2020/07/mission-stone-tile-thumbnail.jpg.webp]
[huemor.rocks/case-studies/mission-stone-tile/index.html]
[huemor.rocks/case-studies/surepoint/index.html]
[huemor.rocks/agency/partners/become-a-partner/index.html]
[huemor.rocks/agency/new-york-city/index.html]
[huemor.rocks/agency/pittsburgh/index.html]
[huemor.rocks/privacy-policy/index.html]
[huemor.rocks/services/web-design/index.html]
[huemor.rocks/services/web-development/index.html]
[huemor.rocks/wp-content/plugins/wp-rocket/assets/js/lazyload/16.1/lazyload.min.js]
[huemor.rocks/index.html]
[huemor.rocks/xmlrpc.php]
[huemor.rocks/wp-content/cache/min/1/a68314fca691fd67493f808ffe1c14c7.js]
[huemor.rocks/wp-content/themes/beaverwarrior/assets/fonts/lineto-circular-pro-bold.woff2]
[huemor.rocks/wp-content/themes/beaverwarrior/assets/fonts/lineto-circular-pro-bold.woff]
[huemor.rocks/wp-content/plugins/bb-plugin/index.html]
[huemor.rocks/wp-content/themes/beaverwarrior/assets/fonts/lineto-circular-pro-bold.ttf]
[huemor.rocks/wp-content/themes/beaverwarrior/assets/fonts/lineto-circular-pro-book.woff2]
[huemor.rocks/wp-content/themes/beaverwarrior/assets/fonts/lineto-circular-pro-book.woff]
[huemor.rocks/wp-content/themes/beaverwarrior/assets/fonts/lineto-circular-pro-book.ttf]
[huemor.rocks/wp-content/themes/beaverwarrior/assets/fonts/lineto-circular-pro-medium.woff2]
[huemor.rocks/wp-content/themes/beaverwarrior/assets/fonts/lineto-circular-pro-medium.woff]
[huemor.rocks/wp-content/themes/beaverwarrior/assets/fonts/lineto-circular-pro-medium.ttf]
[huemor.rocks/wp-content/themes/beaverwarrior/assets/fonts/lineto-circular-pro-mediumItalic.woff2]
[huemor.rocks/wp-content/themes/beaverwarrior/assets/fonts/lineto-circular-pro-mediumItalic.woff]
[huemor.rocks/wp-content/themes/beaverwarrior/assets/fonts/lineto-circular-pro-mediumItalic.ttf]
[huemor.rocks/wp-content/themes/beaverwarrior/assets/fonts/lineto-circular-pro-bookItalic.woff2]
[huemor.rocks/wp-content/themes/beaverwarrior/assets/fonts/lineto-circular-pro-bookItalic.woff]
[huemor.rocks/wp-content/themes/beaverwarrior/assets/fonts/lineto-circular-pro-bookItalic.ttf]
[huemor.rocks/wp-content/cache/min/1/63310005078c8f662edbea653c4dff52.css]
[huejuicyfruitd.wpengine.com/wp-content/uploads/2018/07/huemor-static-hero-header-compressor.html]
[www.googletagmanager.com/gtm5445.html]
[huemor.rocks/wp-includes/fonts/dashicons7d4b.eot]
[huemor.rocks/wp-content/cache/min/1/5ff1bff1603c297a1c60f891e54ed9d8.css]
[huemor.rocks/wp-content/uploads/2020/03/pink-blue-space-bg-compressor.jpg]
[huemor.rocks/wp-json/wp/v2/pages/901.json]
[huemor.rocks/wp-json/oembed/1.0/embed2863.json]
[huemor.rocks/wp-json/oembed/1.0/embedee66]
[huemor.rocks/wp-content/uploads/2021/04/Huemor-Symbol-350x350-1-36x36.png]
[huemor.rocks/wp-content/uploads/2021/04/Huemor-Symbol-350x350-1.png]
[huemor.rocks/wp-content/uploads/2020/07/ownj-default-img.png]
[huemor.rocks/wp-content/uploads/2020/07/about-huemor-nav-thumbnail.jpg]
[huemor.rocks/wp-content/uploads/2021/04/team-thumbnail-updated.jpg]
[huemor.rocks/wp-content/uploads/2020/07/menu-min.jpg]
[huemor.rocks/wp-content/uploads/2021/04/partners-menu-min.jpg]
[huemor.rocks/wp-content/uploads/2021/04/careers-menu-2-min.jpg]
[huemor.rocks/wp-content/uploads/2021/02/awards-menu-min.jpg]
[huemor.rocks/wp-content/uploads/2020/07/retail-menu-thumbnail.jpg]
[huemor.rocks/wp-content/uploads/2020/07/b2b-corporate-menu-thumbnail.jpg]
[huemor.rocks/wp-content/uploads/2020/07/beauty-thumbnail.jpg]
[huemor.rocks/wp-content/uploads/2020/07/saas-navigation-image.jpg]
[huemor.rocks/wp-content/uploads/2020/07/nonprofit-menu-img.jpg]
[huemor.rocks/wp-content/uploads/2020/07/all-services-thumbnail.jpg]
[huemor.rocks/wp-content/uploads/2021/03/build-menu-min.jpg]
[huemor.rocks/wp-content/uploads/2021/02/grow-menu-min.jpg]
[huemor.rocks/wp-content/uploads/2021/02/support-menu-min.jpg]
[huemor.rocks/wp-content/uploads/2021/02/shopify-menu-min.jpg]
[huemor.rocks/wp-content/uploads/2021/02/wordpress-menu-min.jpg]
[huemor.rocks/wp-content/uploads/2020/08/gleamin-Thumbnail.png]
[huemor.rocks/wp-content/uploads/2020/01/19HUE003_service_PRF3.gif]
[huemor.rocks/wp-content/uploads/2020/01/19HUE003_frame_PRF3.gif]
[huemor.rocks/wp-content/uploads/2020/01/19HUE003_gains_PRF2.gif]
[huemor.rocks/agency/index.html]
[huemor.rocks/wp-content/cache/min/1/27f095ee3d7128f759a582c79c880817.js]
[huemor.rocks/wp-content/uploads/2021/04/team-featured-image.jpg]
[huemor.rocks/wp-json/wp/v2/pages/676.json]
[huemor.rocks/wp-json/oembed/1.0/embed74d2.json]
[huemor.rocks/wp-json/oembed/1.0/embed68eb]
[huemor.rocks/wp-content/uploads/2019/10/Jeffrey.png.webp]
[huemor.rocks/wp-content/uploads/2019/10/Mike.jpg.webp]
[huemor.rocks/wp-content/uploads/2021/04/Christi-C.jpg]
[huemor.rocks/wp-content/uploads/2019/08/Lyndsay.jpg.webp]
[huemor.rocks/wp-content/uploads/2021/04/AdamS.jpg.webp]
[huemor.rocks/wp-content/uploads/2021/03/caleb-s-headshot.jpg.webp]
[huemor.rocks/wp-content/uploads/2021/03/James.jpg.webp]
[huemor.rocks/wp-content/uploads/2021/03/David.jpg.webp]
[huemor.rocks/wp-content/uploads/2021/05/lily-teamphoto.jpg.webp]
[huemor.rocks/wp-content/uploads/2021/07/mel-teamphoto.jpg.webp]
[huemor.rocks/wp-content/uploads/2021/08/Maria-teamphoto.jpg.webp]
[huemor.rocks/wp-content/uploads/2019/08/jason-headshot-compressor.jpg.webp]
[huemor.rocks/wp-content/uploads/2021/06/natalie-teamphoto.jpg.webp]
[huemor.rocks/wp-content/uploads/2019/08/josh-headshot-compressor.jpg.webp]
[huemor.rocks/wp-content/uploads/2021/05/Melanie-teamphoto.jpg.webp]
[huemor.rocks/wp-content/uploads/2021/06/jahmyire-teamphoto.jpg.webp]
[huemor.rocks/wp-content/uploads/2021/08/Ben-teamphoto-2.jpg.webp]
[huemor.rocks/wp-content/uploads/2021/08/Janko-teamphoto.jpg.webp]
[huemor.rocks/wp-content/uploads/2021/06/jack-teamphoto.jpg.webp]
[huemor.rocks/wp-content/uploads/2021/08/Faith-teamphoto-1.jpg.webp]
[huemor.rocks/wp-content/uploads/2021/03/nick-headshot.jpg.webp]
[huemor.rocks/wp-content/uploads/2021/04/Adiella-teamphoto.jpg.webp]
[huemor.rocks/wp-content/uploads/2019/08/Taylor.jpg.webp]
[huemor.rocks/wp-content/uploads/2021/04/Joe1.jpg.webp]
[huemor.rocks/wp-content/uploads/2021/05/Joe-teamphoto.jpg.webp]
[huemor.rocks/wp-content/uploads/2021/04/Jordan-W-copy.jpg]
[huemor.rocks/wp-content/uploads/2021/03/aamin-headshot.jpg.webp]
[huemor.rocks/agency/team/index.html]
[huemor.rocks/wp-content/cache/min/1/3d08fcdd45157b025f34e0b6e8c6b25e.js]
[huemor.rocks/wp-json/wp/v2/pages/700.json]
[huemor.rocks/wp-json/oembed/1.0/embedf271.json]
[huemor.rocks/wp-json/oembed/1.0/embed39d4]
[huemor.rocks/wp-content/uploads/2020/07/Aerotech.svg]
[huemor.rocks/wp-content/uploads/2020/07/Centivo.svg]
[huemor.rocks/wp-content/uploads/2020/07/Exiger-min.png.webp]
[huemor.rocks/wp-content/uploads/2020/07/Gleamin-min.png.webp]
[huemor.rocks/wp-content/uploads/2020/05/Glow.svg]
[huemor.rocks/wp-content/uploads/2020/05/Humane-League.svg]
[huemor.rocks/wp-content/uploads/2020/05/Live-Nation.svg]
[huemor.rocks/wp-content/uploads/2020/05/Medallia.svg]
[huemor.rocks/wp-content/uploads/2020/05/n2p.svg]
[huemor.rocks/wp-content/uploads/2020/05/Rapid.svg]
[huemor.rocks/wp-content/uploads/2020/04/Revlon.svg]
[huemor.rocks/wp-content/uploads/2020/04/Special-Olympics.svg]
[huemor.rocks/wp-content/uploads/2020/05/Stonesource.svg]
[huemor.rocks/wp-content/uploads/2020/05/United-Nations-bw.svg]
[huemor.rocks/wp-content/uploads/2020/04/United-Way.svg]
[huemor.rocks/agency/clients/index.html]
[huemor.rocks/wp-content/uploads/2020/09/Drupal.svg]
[huemor.rocks/wp-json/wp/v2/pages/25109.json]
[huemor.rocks/wp-json/oembed/1.0/embededec.json]
[huemor.rocks/wp-json/oembed/1.0/embed3a1e]
[huemor.rocks/wp-content/uploads/2020/09/Fishbat.svg]
[huemor.rocks/wp-content/uploads/2020/09/GA.svg]
[huemor.rocks/wp-content/uploads/2020/09/Hotjar.svg]
[huemor.rocks/wp-content/uploads/2020/09/Hubspot.svg]
[huemor.rocks/wp-content/uploads/2020/09/Klaviyo.svg]
[huemor.rocks/wp-content/uploads/2020/09/Mailchimp.svg]
[huemor.rocks/wp-content/uploads/2020/09/Pantheon.svg]
[huemor.rocks/wp-content/uploads/2020/09/Quirk.svg]
[huemor.rocks/wp-content/uploads/2020/09/Searhspring.png.webp]
[huemor.rocks/wp-content/uploads/2020/09/Shogun.png.webp]
[huemor.rocks/wp-content/uploads/2020/09/Shopify-Plus.svg]
[huemor.rocks/wp-content/uploads/2020/09/VWO.svg]
[huemor.rocks/wp-content/uploads/2020/09/Wordpress.svg]
[huemor.rocks/wp-content/uploads/2020/09/WP-Engine.svg]
[huemor.rocks/agency/partners/index.html]
[huemor.rocks/wp-content/cache/min/1/595e9a1ae751c3311a455180e424da79.css]
[huemor.rocks/wp-json/wp/v2/pages/691.json]
[huemor.rocks/wp-json/oembed/1.0/embedd6ee.json]
[huemor.rocks/wp-json/oembed/1.0/embed3648]
[huemor.rocks/agency/careers/index.html]
[huemor.rocks/wp-content/cache/min/1/4fb7caa436d05f42281aac152029e24f.js]
[huemor.rocks/wp-json/wp/v2/pages/853.json]
[huemor.rocks/wp-json/oembed/1.0/embed8c03.json]
[huemor.rocks/wp-json/oembed/1.0/embed80f4]
[huemor.rocks/wp-content/uploads/2021/08/goodfirms-thumbnail.jpg]
[huemor.rocks/wp-content/uploads/2021/08/goodfirms-thumbnail-300x300.jpg.webp]
[huemor.rocks/blog/goodfirms-declares-huemor-a-top-web-development-company-for-2021/index.html]
[huemor.rocks/wp-content/uploads/2021/08/bettercloud-announcement.jpg]
[huemor.rocks/wp-content/uploads/2021/08/bettercloud-announcement-300x300.jpg.webp]
[huemor.rocks/blog/huemor-launches-the-bettercloud-website/index.html]
[huemor.rocks/wp-content/uploads/2021/04/award-badge.jpg]
[huemor.rocks/wp-content/uploads/2021/04/award-badge-300x300.jpg.webp]
[huemor.rocks/blog/huemor-wins-2-awards/index.html]
[huemor.rocks/wp-content/uploads/2021/08/Announcement-Photo-1.jpg]
[huemor.rocks/wp-content/uploads/2021/08/Announcement-Photo-1-300x300.jpg.webp]
[huemor.rocks/blog/huemor-launches-the-bettr-website/index.html]
[huemor.rocks/wp-content/uploads/2021/08/Janko-square.jpg]
[huemor.rocks/wp-content/uploads/2021/08/Janko-square-300x300.jpg.webp]
[huemor.rocks/blog/huemor-adds-a-new-developer-to-their-team-2/index.html]
[huemor.rocks/wp-content/uploads/2021/08/mark43-announcement.jpg]
[huemor.rocks/wp-content/uploads/2021/08/mark43-announcement-300x300.jpg.webp]
[huemor.rocks/blog/huemor-launches-the-mark34-website/index.html]
[huemor.rocks/wp-content/uploads/2021/08/faith-square.jpg]
[huemor.rocks/wp-content/uploads/2021/08/faith-square-300x300.jpg.webp]
[huemor.rocks/blog/huemor-adds-a-new-project-assistant-to-their-team/index.html]
[huemor.rocks/wp-content/uploads/2021/08/maria-square.jpg]
[huemor.rocks/wp-content/uploads/2021/08/maria-square-300x300.jpg.webp]
[huemor.rocks/blog/huemor-adds-a-new-quality-assurance-to-their-team/index.html]
[huemor.rocks/wp-content/uploads/2021/07/STV.jpg]
[huemor.rocks/wp-content/uploads/2021/07/STV-300x300.jpg.webp]
[huemor.rocks/blog/huemor-launches-the-stv-website/index.html]
[huemor.rocks/wp-content/uploads/2021/07/ben-square-1.jpg]
[huemor.rocks/wp-content/uploads/2021/07/ben-square-1-300x300.jpg.webp]
[huemor.rocks/blog/huemor-adds-a-new-developer-to-their-team/index.html]
[huemor.rocks/agency/news/page/2/index.html]
[huemor.rocks/agency/news/page/3/index.html]
[huemor.rocks/agency/news/index.html]
[huemor.rocks/agency/news/page/4/index.html]
[huemor.rocks/wp-content/cache/min/1/0f036ddeab813082a6cd6fc695bbe74b.js]
[huemor.rocks/wp-content/cache/min/1/b22317556782f05b11b5669157972386.css]
[huemor.rocks/wp-json/wp/v2/pages/24644.json]
[huemor.rocks/wp-json/oembed/1.0/embed3bca.json]
[huemor.rocks/wp-json/oembed/1.0/embed54a8]
[huemor.rocks/wp-content/uploads/2020/07/FEED-min.png.webp]
[huemor.rocks/wp-content/uploads/2020/07/Zoe-min.png.webp]
[huemor.rocks/wp-content/uploads/2020/07/Ortho.svg]
[huemor.rocks/wp-content/uploads/2020/07/Ironside.svg]
[huemor.rocks/wp-content/uploads/2020/07/retail-ecommerce-featured.jpg.webp]
[huemor.rocks/wp-content/uploads/2020/07/feed-retail-edit-thumbnail-scaled.jpg.webp]
[huemor.rocks/wp-content/uploads/2020/07/zoe-chicco-thumbnail-scaled.jpg.webp]
[huemor.rocks/wp-content/uploads/2020/07/alodia-testimonial-stat.png.webp]
[huemor.rocks/wp-content/uploads/2020/07/coverfx-testimonial-thumbnail.png.webp]
[huemor.rocks/wp-content/uploads/2020/07/mike-amber-min.png.webp]
[huemor.rocks/case-studies/coverfx/index.html]
[huemor.rocks/retail-ecommerce-websites/index.html]
[huemor.rocks/wp-json/wp/v2/pages/24633.json]
[huemor.rocks/wp-json/oembed/1.0/embedcbfc.json]
[huemor.rocks/wp-json/oembed/1.0/embed2a9b]
[huemor.rocks/wp-content/uploads/2020/07/Exiger-min.png]
[huemor.rocks/wp-content/uploads/2020/07/BAC.svg]
[huemor.rocks/wp-content/uploads/2020/07/STV.svg]
[huemor.rocks/wp-content/uploads/2020/07/B2B-min-1.jpg]
[huemor.rocks/wp-content/uploads/2021/04/ag-america-thumbnial.jpg]
[huemor.rocks/wp-content/uploads/2020/07/stvinc-testimonial-thumbnail.jpg]
[huemor.rocks/wp-content/uploads/2020/07/buechel-testimonial-thumbnail.jpg]
[huemor.rocks/wp-content/uploads/2020/07/mike-amber-min.png]
[huemor.rocks/case-studies/stv-inc/index.html]
[huemor.rocks/case-studies/buechel-stone/index.html]
[huemor.rocks/b2b-corporate-websites/index.html]
[huemor.rocks/wp-content/cache/min/1/e83ef64c61c6b4d51f9e1b8df801c7bc.js]
[huemor.rocks/wp-content/uploads/2020/07/beauty-website-designs-featured.jpg]
[huemor.rocks/wp-json/wp/v2/pages/24551.json]
[huemor.rocks/wp-json/oembed/1.0/embedb032.json]
[huemor.rocks/wp-json/oembed/1.0/embed9bb2]
[huemor.rocks/wp-content/uploads/2020/07/Gleamin-min.png]
[huemor.rocks/wp-content/uploads/2020/07/oui-shave-smaller.svg]
[huemor.rocks/wp-content/uploads/2020/07/beauty-website-designs-featured-shorter.jpg]
[huemor.rocks/wp-content/uploads/2020/07/analytics-example-oui-2-scaled.jpg]
[huemor.rocks/wp-content/uploads/2020/07/customization-example-scaled.jpg]
[huemor.rocks/wp-content/uploads/2020/07/aloda-homepage-example-scaled.jpg]
[huemor.rocks/wp-content/uploads/2020/07/alodia-testimonial-stat.png]
[huemor.rocks/wp-content/uploads/2020/07/briogeo-testimonial-thumbnail.jpg]
[huemor.rocks/case-studies/briogeo/index.html]
[huemor.rocks/wp-content/uploads/2020/07/coverfx-testimonial-thumbnail.png]
[huemor.rocks/beauty-and-cosmetic-websites/index.html]
[huemor.rocks/wp-json/wp/v2/pages/24619.json]
[huemor.rocks/wp-json/oembed/1.0/embedc56d.json]
[huemor.rocks/wp-json/oembed/1.0/embed1238]
[huemor.rocks/wp-content/uploads/2020/07/SaaS-min.jpg.webp]
[huemor.rocks/wp-content/uploads/2020/07/centivo-content-example-thumbnail-scaled.jpg.webp]
[huemor.rocks/wp-content/uploads/2020/07/n2p-google-analytics-thumbnail-scaled.jpg.webp]
[huemor.rocks/wp-content/uploads/2020/07/navatar-testimonial-thumbnail.jpg.webp]
[huemor.rocks/saas-and-technology-websites/index.html]
[huemor.rocks/wp-content/uploads/2020/07/United-Nations.svg]
[huemor.rocks/wp-json/wp/v2/pages/24647.json]
[huemor.rocks/wp-json/oembed/1.0/embed997e.json]
[huemor.rocks/wp-json/oembed/1.0/embeda7d7]
[huemor.rocks/wp-content/uploads/2020/07/Build-NYC.svg]
[huemor.rocks/wp-content/uploads/2020/07/nonprofit-causes-featured-img.jpg]
[huemor.rocks/wp-content/uploads/2020/07/heforshe-pledge-scaled.jpg]
[huemor.rocks/wp-content/uploads/2020/07/build-nyc-thumbnail.jpg]
[huemor.rocks/nonprofit-and-social-cause-websites/index.html]
[huemor.rocks/wp-content/uploads/2020/04/quirk.svg]
[huemor.rocks/wp-json/wp/v2/pages/25216.json]
[huemor.rocks/wp-json/oembed/1.0/embed8e49.json]
[huemor.rocks/wp-json/oembed/1.0/embedfc47]
[huemor.rocks/wp-content/uploads/2021/04/dwight-funding.png]
[huemor.rocks/wp-content/uploads/2020/04/co.svg]
[huemor.rocks/wp-content/uploads/2021/04/featuredimage_b2b.jpg]
[huemor.rocks/wp-content/uploads/2021/03/Homepages-scaled.jpg]
[huemor.rocks/agency-consultancy-websites/index.html]
[huemor.rocks/wp-content/cache/min/1/e2ab7cfc253c2f1e34dfc9a9b6106743.css]
[huemor.rocks/wp-json/wp/v2/pages/23367.json]
[huemor.rocks/wp-json/oembed/1.0/embedc52b.json]
[huemor.rocks/wp-json/oembed/1.0/embed5ba8]
[huemor.rocks/wp-content/themes/beaverwarrior/assets/vendor/owl-carousel/assets/owl.carousel.min41a3.css]
[huemor.rocks/wp-content/uploads/2020/01/memorable-branded-experiences.png]
[huemor.rocks/wp-content/uploads/2020/01/user-centric-design.png]
[huemor.rocks/wp-content/uploads/2020/01/the-sweet-spot.png]
[huemor.rocks/services/index.html]
[huemor.rocks/wp-content/cache/min/1/2ab134f1affb8b0d058087a579fe67eb.js]
[huemor.rocks/wp-content/cache/min/1/9de491fd9327f85f8c12d4bb05d0ce4d.css]
[huemor.rocks/wp-json/wp/v2/pages/23958.json]
[huemor.rocks/wp-json/oembed/1.0/embede5ad.json]
[huemor.rocks/wp-json/oembed/1.0/embed69f3]
[huemor.rocks/wp-content/uploads/2020/08/surepoint-testimonial-thumbnail.png]
[huemor.rocks/wp-content/uploads/2020/08/rug-and-home-testimonial-thumbnail.png]
[huemor.rocks/wp-content/uploads/2019/12/rose-mansion-site-thumbnail.jpg]
[huemor.rocks/build/index.html]
[huemor.rocks/wp-content/cache/min/1/edd149ef921a48e1201701b6b10ab386.js]
[huemor.rocks/wp-json/wp/v2/pages/24657.json]
[huemor.rocks/wp-json/oembed/1.0/embed0dc8.json]
[huemor.rocks/wp-json/oembed/1.0/embed6d40]
[huemor.rocks/wp-content/uploads/2020/08/briogeo-testimonial-thumbnial.png]
[huemor.rocks/wp-content/uploads/2020/07/glow-analytics-thumbnail-scaled.jpg]
[huemor.rocks/wp-content/uploads/2020/08/data-reports-scaled.jpg]
[huemor.rocks/grow/index.html]
[huemor.rocks/wp-json/wp/v2/pages/24974.json]
[huemor.rocks/wp-json/oembed/1.0/embed021e.json]
[huemor.rocks/wp-json/oembed/1.0/embed268b]
[huemor.rocks/wp-content/uploads/2020/09/medallia-zingle-testimonial.png]
[huemor.rocks/wp-content/uploads/2020/08/security-scaled.jpg]
[huemor.rocks/wp-content/uploads/2020/08/support.png]
[huemor.rocks/support/index.html]
[huemor.rocks/wp-content/cache/min/1/16708ac3f739f28ec016721c96a46449.css]
[huemor.rocks/wp-json/wp/v2/pages/24014.json]
[huemor.rocks/wp-json/oembed/1.0/embeddec8.json]
[huemor.rocks/wp-json/oembed/1.0/embedbebb]
[huemor.rocks/wp-content/uploads/2020/07/FEED-min.png]
[huemor.rocks/wp-content/uploads/2020/07/Zoe-min.png]
[huemor.rocks/wp-content/uploads/2020/07/zoe-chicco-thumbnail-scaled.jpg]
[huemor.rocks/wp-content/uploads/2020/08/mission-tile-Thumbnail.png]
[huemor.rocks/services/shopify-website-design/index.html]
[huemor.rocks/wp-json/wp/v2/pages/24969.json]
[huemor.rocks/wp-json/oembed/1.0/embed837b.json]
[huemor.rocks/wp-json/oembed/1.0/embed7946]
[huemor.rocks/wp-content/uploads/2021/03/wordpress_featuredimage-2.jpg.webp]
[huemor.rocks/wp-content/uploads/2020/08/security-scaled.jpg.webp]
[huemor.rocks/wp-content/uploads/2021/03/Value-Prop-3-Wordpress-scaled.jpg.webp]
[huemor.rocks/services/wordpress-websites/index.html]
[huemor.rocks/case-studies/index.html]
[huemor.rocks/project-calculator/index.html]
[huemor.rocks/roi-calculator/index.html]
[huemor.rocks/shopify-audit/index.html]
[huemor.rocks/contact/index.html]
[huemor.rocks/case-studies/gleamin/index.html]
[huemor.rocks/case-studies/ag-america/index.html]
[huemor.rocks/case-studies/extensishr/index.html]
[huemor.rocks/case-studies/zoe-chicco/index.html]
[huemor.rocks/case-studies/aerotech/index.html]
[huemor.rocks/case-studies/centivo/index.html]
[huemor.rocks/case-studies/surepoint/index.html]
[huemor.rocks/case-studies/mission-stone-tile/index.html]
[huemor.rocks/agency/new-york-city/index.html]
[huemor.rocks/agency/pittsburgh/index.html]
[huemor.rocks/agency/partners/become-a-partner/index.html]
[huemor.rocks/privacy-policy/index.html]
[huemor.rocks/services/web-design/index.html]
[huemor.rocks/services/web-development/index.html]
[huemor.rocks/wp-admin/admin-ajax.html]
[huemor.rocks/wp-content/plugins/bb-plugin/index.html]
[huemor.rocks/wp-content/cache/min/1/5ff1bff1603c297a1c60f891e54ed9d8.css]
[huemor.rocks/indexead7.html]
[huemor.rocks/index54f6.html]
[huemor.rocks/index39c5.html]
[huemor.rocks/wp-content/uploads/2020/07/Aerotech.svg]
[huemor.rocks/wp-content/uploads/2020/07/Centivo.svg]
[huemor.rocks/wp-content/uploads/2020/05/Glow.svg]
[huemor.rocks/wp-content/uploads/2020/05/Humane-League.svg]
[huemor.rocks/wp-content/uploads/2020/05/Live-Nation.svg]
[huemor.rocks/wp-content/uploads/2020/05/Medallia.svg]
[huemor.rocks/wp-content/uploads/2020/05/n2p.svg]
[huemor.rocks/wp-content/uploads/2020/05/Rapid.svg]
[huemor.rocks/wp-content/uploads/2020/04/Revlon.svg]
[huemor.rocks/wp-content/uploads/2020/04/Special-Olympics.svg]
[huemor.rocks/wp-content/uploads/2020/05/Stonesource.svg]
[huemor.rocks/wp-content/uploads/2020/05/United-Nations-bw.svg]
[huemor.rocks/wp-content/uploads/2020/04/United-Way.svg]
[huemor.rocks/wp-content/uploads/2020/09/Drupal.svg]
[huemor.rocks/indexcc6f.html]
[huemor.rocks/wp-content/uploads/2020/09/Fishbat.svg]
[huemor.rocks/wp-content/uploads/2020/09/GA.svg]
[huemor.rocks/wp-content/uploads/2020/09/Hotjar.svg]
[huemor.rocks/wp-content/uploads/2020/09/Hubspot.svg]
[huemor.rocks/wp-content/uploads/2020/09/Klaviyo.svg]
[huemor.rocks/wp-content/uploads/2020/09/Mailchimp.svg]
[huemor.rocks/wp-content/uploads/2020/09/Pantheon.svg]
[huemor.rocks/wp-content/uploads/2020/09/Quirk.svg]
[huemor.rocks/wp-content/uploads/2020/09/Shopify-Plus.svg]
[huemor.rocks/wp-content/uploads/2020/09/VWO.svg]
[huemor.rocks/wp-content/uploads/2020/09/Wordpress.svg]
[huemor.rocks/wp-content/uploads/2020/09/WP-Engine.svg]
[huemor.rocks/wp-content/cache/min/1/595e9a1ae751c3311a455180e424da79.css]
[huemor.rocks/index2025.html]
[huemor.rocks/index9fe1.html]
[huemor.rocks/blog/author/huemor/index.html]
[huemor.rocks/blog/goodfirms-declares-huemor-a-top-web-development-company-for-2021/index.html]
[huemor.rocks/blog/huemor-launches-the-bettercloud-website/index.html]
[huemor.rocks/blog/huemor-wins-2-awards/index.html]
[huemor.rocks/blog/huemor-launches-the-bettr-website/index.html]
